
> shiqian-desktop@0.3.0-alpha.7 package
> tauri build

        Info Looking up installed tauri packages to check mismatched versions...
     Running beforeBuildCommand `npm run build`

> shiqian-desktop@0.3.0-alpha.7 prebuild
> node scripts/prepare-pdf.mjs


> shiqian-desktop@0.3.0-alpha.7 build
> tsc -b && vite build

vite v8.3.1 building client environment for production...
transforming...
✓ 1761 modules transformed.
rendering chunks...
computing gzip size...
dist/index.html                              0.40 kB │ gzip:   0.29 kB
dist/assets/pdf.worker.min-Dswkl-cV.mjs  1,265.41 kB
dist/assets/index-DL0R8sBD.css              56.96 kB │ gzip:  11.98 kB
dist/assets/index-CvKAdRgC.js              362.22 kB │ gzip: 110.71 kB
dist/assets/pdf-B70-1ijv.js                430.93 kB │ gzip: 129.03 kB

✓ built in 392ms
   Compiling shiqian v0.3.0-alpha.7 (D:\AI\Shiqian\src-tauri)
    Finished `release` profile [optimized] target(s) in 2m 11s
       Built application at: D:\AI\Shiqian\src-tauri\target\release\shiqian.exe
        Info Patching D:\AI\Shiqian\src-tauri\target\release\shiqian.exe with bundle type information: nsis
        Info Target: x64
     Running makensis to produce D:\AI\Shiqian\src-tauri\target\release\bundle\nsis\拾签_0.3.0-alpha.7_x64-setup.exe
    Finished 1 bundle at:
        D:\AI\Shiqian\src-tauri\target\release\bundle\nsis\拾签_0.3.0-alpha.7_x64-setup.exe (5.62 MiB)
