
> shiqian-desktop@0.3.0-alpha.1 prebuild
> node scripts/prepare-pdf.mjs


> shiqian-desktop@0.3.0-alpha.1 build
> tsc -b && vite build

vite v8.3.1 building client environment for production...
transforming...
✓ 1754 modules transformed.
rendering chunks...
computing gzip size...
dist/index.html                              0.40 kB │ gzip:   0.29 kB
dist/assets/pdf.worker.min-Dswkl-cV.mjs  1,265.41 kB
dist/assets/index-4kyBk7db.css              38.10 kB │ gzip:   8.26 kB
dist/assets/index-dVhBKc__.js              347.08 kB │ gzip: 106.46 kB
dist/assets/pdf-BAXKQ0mR.js                430.93 kB │ gzip: 129.03 kB

✓ built in 2.16s
npm notice
npm notice New minor version of npm available! 11.11.0 -> 11.21.0
npm notice Changelog: https://github.com/npm/cli/releases/tag/v11.21.0
npm notice To update run: npm install -g npm@11.21.0
npm notice
