        Info Looking up installed tauri packages to check mismatched versions...
     Running beforeBuildCommand `npm run build`

> shiqian-desktop@0.3.0-beta.2 prebuild
> node scripts/prepare-pdf.mjs


> shiqian-desktop@0.3.0-beta.2 build
> tsc -b && vite build

vite v8.3.1 building client environment for production...
transforming...
✓ 1772 modules transformed.
rendering chunks...
computing gzip size...
dist/index.html                              0.40 kB │ gzip:   0.29 kB
dist/assets/pdf.worker.min-Dswkl-cV.mjs  1,265.41 kB
dist/assets/index-B9HWRlwt.css              71.66 kB │ gzip:  14.62 kB
dist/assets/index-VALAoN_v.js              388.52 kB │ gzip: 118.77 kB
dist/assets/pdf-DFonaOF0.js                430.93 kB │ gzip: 129.03 kB

✓ built in 446ms
   Compiling shiqian v0.3.0-beta.2 (D:\AI\Shiqian\src-tauri)
error: failed to remove file `D:\AI\Shiqian\src-tauri\target\release\shiqian.exe`

Caused by:
  拒绝访问。 (os error 5)
failed to build app: failed to build app
       Error failed to build app: failed to build app
