        Info Looking up installed tauri packages to check mismatched versions...
     Running beforeBuildCommand `npm run build`

> shiqian-desktop@0.3.0-beta.3 prebuild
> node scripts/prepare-pdf.mjs


> shiqian-desktop@0.3.0-beta.3 build
> tsc -b && vite build

vite v8.3.1 building client environment for production...
transforming...
✓ 1772 modules transformed.
rendering chunks...
computing gzip size...
dist/index.html                              0.40 kB │ gzip:   0.28 kB
dist/assets/pdf.worker.min-Dswkl-cV.mjs  1,265.41 kB
dist/assets/index-B9HWRlwt.css              71.66 kB │ gzip:  14.62 kB
dist/assets/index-BhUGKtLa.js              388.86 kB │ gzip: 118.88 kB
dist/assets/pdf-BAmpAQWT.js                430.93 kB │ gzip: 129.03 kB

✓ built in 382ms
   Compiling shiqian v0.3.0-beta.3 (D:\AI\Shiqian\src-tauri)
    Finished `release` profile [optimized] target(s) in 1m 59s
       Built application at: D:\AI\Shiqian\src-tauri\target\release\shiqian.exe
