PASS applied tags excluded; all 16 unused candidates available; last candidate scrolls into view and applies
PASS Enter cannot reapply an existing tag; batch candidates keep tags missing from some selected files
PASS 12 complete details toggle cycles at scroll offset 1800: 1800,1800,1800,1800,1800,1800,1800,1800,1800,1800,1800,1800
AssertionError [ERR_ASSERTION]: Expected values to be strictly deep-equal:
+ actual - expected

  [
    '10px',
    '32px',
    '7px 30px 7px 12px',
    '11px',
+   'rgb(34, 53, 44)',
-   'rgb(99, 112, 106)',
    'none'
  ]

    at D:\AI\Shiqian\scripts\beta4-ui-regression.cjs:144:16 {
  generatedMessage: true,
  code: 'ERR_ASSERTION',
  actual: [Array],
  expected: [Array],
  operator: 'deepStrictEqual',
  diff: 'simple'
}
