   Compiling shiqian v0.3.0-beta.6 (D:\AI\Shiqian\src-tauri)
error[E0382]: borrow of moved value: `file.id`
    --> src\auto_tag_tests.rs:1073:13
     |
1071 | ...t!(f.store.mutate("files.tags", &json!({"ids":[file.id],"versions":{file.id:file.version-1},"add":[rejected.id],"remove":[]})).i...
     |                                     -------------------------------------------------------------------------------------------- `file.id` moved due to this method call
1072 | ...t_eq!(f.store.floating_presets().unwrap()["ids"], json!([keep.id]));
1073 | ...ly(&file.id, &["AI 待确认标签"]);
     |       ^^^^^^^^ value borrowed here after move
     |
note: `into` takes ownership of the receiver `self`, which moves `file.id`
    --> /rustc/8bab26f4f68e0e26f0bb7960be334d5b520ea452/library\core\src\convert\mod.rs:455:12
     = note: move occurs because `file.id` has type `std::string::String`, which does not implement the `Copy` trait
     = note: borrow occurs due to deref coercion to `str`
help: you can `clone` the value and consume it, but this might not be your desired behavior
     |
1071 |     assert!(f.store.mutate("files.tags", &json!({"ids":[file.id],"versions":{file.id.clone():file.version-1},"add":[rejected.id],"remove":[]})).is_err());
     |                                                                                     ++++++++

For more information about this error, try `rustc --explain E0382`.
error: could not compile `shiqian` (lib test) due to 1 previous error
