        Info Looking up installed tauri packages to check mismatched versions...
     Running beforeBuildCommand `npm run build`

> shiqian-desktop@0.3.0-beta.8 prebuild
> node scripts/prepare-pdf.mjs


> shiqian-desktop@0.3.0-beta.8 build
> tsc -b && vite build

vite v8.3.1 building client environment for production...
transforming...
✓ 1778 modules transformed.
rendering chunks...
computing gzip size...
dist/index.html                              0.40 kB │ gzip:   0.29 kB
dist/assets/pdf.worker.min-Dswkl-cV.mjs  1,265.41 kB
dist/assets/index-Cnx0JN70.css              78.82 kB │ gzip:  15.96 kB
dist/assets/index-MDLXTUuh.js              395.79 kB │ gzip: 121.26 kB
dist/assets/pdf-Shh_laVG.js                430.93 kB │ gzip: 129.03 kB

✓ built in 413ms
   Compiling shiqian v0.3.0-beta.8 (D:\AI\Shiqian\src-tauri)
    Finished `release` profile [optimized] target(s) in 2m 30s
       Built application at: D:\AI\Shiqian\src-tauri\target\release\shiqian.exe
