
> shiqian-desktop@0.3.0-beta.12 package
> tauri build --config {"bundle":{"useLocalToolsDir":false}}

        Info Looking up installed tauri packages to check mismatched versions...
     Running beforeBuildCommand `npm run build`

> shiqian-desktop@0.3.0-beta.12 prebuild
> node scripts/prepare-pdf.mjs


> shiqian-desktop@0.3.0-beta.12 build
> tsc -b && vite build

vite v8.3.1 building client environment for production...
transforming...
✓ 1782 modules transformed.
rendering chunks...
computing gzip size...
dist/index.html                              0.40 kB │ gzip:   0.29 kB
dist/assets/pdf.worker.min-Dswkl-cV.mjs  1,265.41 kB
dist/assets/index-DQpaPLAl.css              81.24 kB │ gzip:  16.43 kB
dist/assets/index-CEyokv8I.js              401.64 kB │ gzip: 123.03 kB
dist/assets/pdf-DtGjc4gp.js                430.93 kB │ gzip: 129.03 kB

✓ built in 378ms
   Compiling shiqian v0.3.0-beta.12 (D:\AI\Shiqian\src-tauri)
    Finished `release` profile [optimized] target(s) in 2m 07s
       Built application at: D:\AI\Shiqian\src-tauri\target\release\shiqian.exe
        Info Patching D:\AI\Shiqian\src-tauri\target\release\shiqian.exe with bundle type information: nsis
        Info Target: x64
     Running makensis to produce D:\AI\Shiqian\src-tauri\target\release\bundle\nsis\拾签_0.3.0-beta.12_x64-setup.exe
    Finished 1 bundle at:
        D:\AI\Shiqian\src-tauri\target\release\bundle\nsis\拾签_0.3.0-beta.12_x64-setup.exe (5.69 MiB)

