PASS applied tags excluded; all 16 unused candidates available; last candidate scrolls into view and applies
PASS Enter cannot reapply an existing tag; batch candidates keep tags missing from some selected files
PASS 12 complete details toggle cycles at scroll offset 1800: 1800,1800,1800,1800,1800,1800,1800,1800,1800,1800,1800,1800
AssertionError [ERR_ASSERTION]: Expected values to be strictly deep-equal:
+ actual - expected

  [
+   '6px',
-   '4px',
    'auto',
+   '0px 10px',
+   '11px',
-   '4px 6px',
-   '10px',
    'rgb(255, 255, 255)',
    'auto'
  ]

    at D:\AI\Shiqian\scripts\beta4-ui-regression.cjs:170:16 {
  generatedMessage: true,
  code: 'ERR_ASSERTION',
  actual: [Array],
  expected: [Array],
  operator: 'deepStrictEqual',
  diff: 'simple'
}
