   Compiling shiqian v0.3.0-beta.3 (D:\AI\Shiqian\src-tauri)
    Finished `test` profile [unoptimized + debuginfo] target(s) in 33.73s
     Running unittests src\lib.rs (src-tauri\target\debug\deps\shiqian_lib-49186cb2f1b80298.exe)

running 94 tests
test auto_tag_tests::config_rejects_secret_urls_and_remote_plaintext ... ok
test auto_tag_tests::compatible_http_transport_and_response_parsing_use_a_real_local_server ... ok
test auto_tag_tests::existing_name_is_resolved_before_creating_and_invalid_output_is_rejected ... ok
test auto_tag_tests::folder_defaults_to_direct_parent_and_reuses_existing_pool ... ok
test auto_tag_tests::enabled_imports_queue_once_and_disabled_imports_do_not_queue ... ok
test auto_tag_tests::default_floating_shortcuts_skip_folder_name_collisions ... ok
test auto_tag_tests::credentials_are_encrypted_and_a_service_switch_does_not_reuse_them ... ok
test auto_tag_tests::ai_matching_an_existing_manual_tag_does_not_take_ownership ... ok
test auto_tag_tests::folder_can_be_disabled_and_backfilled_without_replacing_manual_tags ... ok
test auto_tag_tests::invalid_ai_batch_is_atomic_and_retains_old_unconfirmed_results ... ok
test auto_tag_tests::interrupted_jobs_resume_after_reopening_the_library ... ok
test auto_tag_tests::folder_tags_remain_searchable_but_cannot_be_pinned_even_from_legacy_settings ... ok
test auto_tag_tests::confirming_ai_association_with_folder_label_does_not_pin_it ... ok
test auto_tag_tests::ai_refresh_preserves_folder_manual_and_confirmed_associations ... ok
test auto_tag_tests::long_folder_names_are_deterministic_and_distinct ... ok
test auto_tag_tests::pdf_extracts_real_text_and_rejects_pages_without_text ... ok
test auto_tag_tests::manual_add_confirms_ai_and_undo_restores_provenance ... ok
test auto_tag_tests::real_text_and_office_contents_are_extracted_and_limited ... ok
test auto_tag_tests::scoped_ai_cancel_validates_whole_batch_before_changing_jobs ... ok
test auto_tag_tests::removing_and_deleting_tags_can_undo_full_ai_metadata ... ok
test auto_tag_tests::manual_tag_import_does_not_queue_ai_but_regular_import_still_does ... ok
test auto_tag_tests::accepting_ai_removes_pool_marker_and_pins_without_duplicates_or_capacity_loss ... ok
test beta2_tests::transfer_task_history_is_bounded_and_failure_and_cancel_are_distinct ... ok
test beta2_tests::diagnostic_allowlist_omits_all_private_text_and_export_does_not_overwrite ... ok
test auto_tag_tests::reanalysis_cleans_orphan_suggestions_and_manual_creation_explicitly_adopts_a_suggestion ... ok
test auto_tag_tests::scoped_ai_cancel_preserves_other_work_and_rejects_late_results ... ok
test auto_tag_tests::spreadsheets_and_slides_extract_content_and_legacy_office_is_unsupported ... ok
test auto_tag_tests::stale_file_or_job_result_never_overwrites_newer_annotations ... ok
test auto_tag_tests::externally_written_backup_cannot_enable_ai_or_resume_uploads ... ok
test auto_tag_tests::backup_preserves_sources_but_never_enables_remote_analysis ... ok
test auto_tag_tests::schema_one_migrates_with_recovery_copy_and_manual_origins ... ok
test tests::app_data_is_excluded ... ok
test auto_tag_tests::legacy_backup_restores_and_migrates_all_manual_annotations ... ok
test tests::cache_identity_changes_even_with_same_size_and_time ... ok
test auto_tag_tests::suggestions_enter_pool_after_acceptance_and_orphans_are_removed_without_losing_shared_tags ... ok
test tests::all_any_exclude_and_inbox_filters ... ok
test tests::batch_tag_undo_only_reverts_actual_changes ... ok
test beta2_tests::retry_only_failed_ai_preserves_completed_and_cancelled_tasks ... ok
test tests::copies_at_different_paths_are_separate ... ok
test tests::corrupt_backup_does_not_change_library ... ok
test tests::duplicate_import_is_idempotent ... ok
test beta2_tests::floating_position_is_local_validated_and_removed_from_transport_backup ... ok
test tests::backup_checksum_rejects_tampering ... ok
test tests::directory_filter_respects_boundaries ... ok
test tests::native_shell_target_probe ... ignored, Requires an observed visible Windows Shell fixture at SHIQIAN_PROBE_X/Y
test tests::floating_annotation_failure_rolls_back_imports_and_rejects_bad_targets ... ok
test tests::floating_window_preferences_validate_dimensions_and_preserve_pinning_choice ... ok
test tests::future_schema_is_rejected ... ok
test tests::floating_presets_initialize_once_and_preserve_empty_choice ... ok
test tests::floating_annotation_imports_and_is_idempotent_undo_preserves_other_tags ... ok
test tests::long_utf8_preview_does_not_split_a_character ... ok
test tests::missing_and_relink_preserve_record_id ... ok
test tests::interrupted_restore_marker_is_validated_on_startup ... ok
test tests::note_versions_are_independent_and_conflicts_preserve_saved_text ... ok
test tests::note_limit_uses_visible_characters ... ok
test beta2_tests::recovery_notice_survives_restart_and_backup_status_is_local ... ok
test tests::relink_cannot_overwrite_another_record ... ok
test tests::remove_readd_preserves_identity_and_annotation ... ok
test beta2_tests::staged_transfer_keeps_queries_and_note_edits_responsive_and_rolls_back_cancel ... ok
test tests::rename_delete_and_chained_undo_restore_tag_links ... ok
test tests::backup_roundtrip_captures_wal_and_keeps_protective_backup ... ok
test tests::replacement_at_same_path_requires_confirmation ... ok
test tests::floating_presets_follow_rename_delete_and_backup_restore ... ok
test tests::restart_persists_settings_and_annotations ... ok
test transfer_tests::beta_abort_child ... ignored, Only invoked by the guarded process-abort recovery test
test tests::image_preview_resizes_caches_and_tracks_revision ... ok
test tests::stale_batch_rolls_back_all_files ... ok
test tests::pagination_has_no_duplicates_and_stable_ties ... ok
test tests::gallery_preferences_reject_invalid_values_without_overwriting_saved_choice ... ok
test tests::tag_export_rejects_empty_and_app_data_and_sanitizes_folder_names ... ok
test tests::unicode_tag_identity_and_validation ... ok
test tests::tag_export_reports_missing_files_and_excludes_removed_records ... ok
test tests::text_search_is_literal_and_terms_match_across_fields ... ok
test tests::undo_does_not_hide_unrelated_version_conflicts ... ok
test transfer_tests::transfer_cancellation_rolls_back_without_touching_originals ... ok

running 1 test
test tests::utf_text_preview_and_corrupt_image_degrade ... ok
test window_geometry::tests::compact_and_small_workareas_keep_title_reachable ... ok
test window_geometry::tests::removed_monitor_and_offscreen_position_return_to_primary ... ok
test window_geometry::tests::restores_on_negative_monitor_and_scales_size ... ok
test tests::sidebar_width_is_validated_persisted_and_restored_from_backup ... ok
test transfer_tests::transfer_interrupted_import_recovery_preserves_copies_and_explains_result ... ok
test transfer_tests::transfer_changed_manifest_requires_new_preview ... ok
test transfer_tests::transfer_corruption_and_traversal_never_change_library_or_destination ... ok
test transfer_tests::transfer_database_failure_cleans_only_own_copies ... ok
test transfer_tests::transfer_missing_changed_preview_and_existing_outputs_are_rejected ... ok
test tests::undo_depth_is_bounded ... ok
test transfer_tests::transfer_supports_long_chinese_source_and_destination_paths ... ok
test transfer_tests::transfer_duplicate_names_remain_distinct ... ok
test auto_tag_tests::image_payload_contains_pixels_and_requests_do_not_include_local_paths ... ok
test transfer_tests::transfer_round_trip_additive_tags_notes_favorites_and_ai_provenance ... ok
test transfer_tests::beta_wal_recovers_after_real_process_abort ... ok
test tests::tag_export_copies_all_matches_without_overwriting_originals_or_names ... ok
test transfer_tests::beta_large_library_query_baseline ... ok
test tests::representative_ten_thousand_file_search_benchmark ... ok

test result: ok. 92 passed; 0 failed; 2 ignored; 0 measured; 0 filtered out; finished in 13.43s

