
> shiqian-desktop@0.3.0-beta.2 package
> tauri build

        Info Looking up installed tauri packages to check mismatched versions...
     Running beforeBuildCommand `npm run build`

> shiqian-desktop@0.3.0-beta.2 prebuild
> node scripts/prepare-pdf.mjs


> shiqian-desktop@0.3.0-beta.2 build
> tsc -b && vite build

vite v8.3.1 building client environment for production...
transforming...
✓ 1772 modules transformed.
rendering chunks...
computing gzip size...
dist/index.html                              0.40 kB │ gzip:   0.29 kB
dist/assets/pdf.worker.min-Dswkl-cV.mjs  1,265.41 kB
dist/assets/index-B9HWRlwt.css              71.66 kB │ gzip:  14.62 kB
dist/assets/index-BBDPvl4g.js              388.51 kB │ gzip: 118.76 kB
dist/assets/pdf-DzdpdjuM.js                430.93 kB │ gzip: 129.03 kB

✓ built in 388ms
   Compiling proc-macro2 v1.0.107
   Compiling unicode-ident v1.0.26
   Compiling quote v1.0.47
   Compiling serde_core v1.0.229
   Compiling windows-link v0.2.1
   Compiling icu_properties_data v2.3.0
   Compiling siphasher v1.0.4
   Compiling cfg-if v1.0.5
   Compiling icu_normalizer_data v2.3.0
   Compiling thiserror v2.0.21
   Compiling fastrand v2.5.0
   Compiling stable_deref_trait v1.2.1
   Compiling zmij v1.0.23
   Compiling version_check v0.9.5
   Compiling smallvec v1.16.2
   Compiling parking_lot_core v0.9.12
   Compiling serde v1.0.229
   Compiling phf_shared v0.13.1
   Compiling windows-sys v0.61.2
   Compiling typeid v1.0.3
   Compiling memchr v2.8.3
   Compiling autocfg v1.5.1
   Compiling num-conv v0.2.2
   Compiling time-core v0.1.9
   Compiling erased-serde v0.4.10
   Compiling generic-array v0.14.7
   Compiling phf_generator v0.13.1
   Compiling writeable v0.6.4
   Compiling litemap v0.8.3
   Compiling strsim v0.11.1
   Compiling phf_codegen v0.13.1
   Compiling itoa v1.0.18
   Compiling ident_case v1.0.1
   Compiling utf8_iter v1.0.4
   Compiling libc v0.2.189
   Compiling scopeguard v1.2.0
   Compiling new_debug_unreachable v1.0.6
   Compiling anyhow v1.0.104
   Compiling serde_json v1.0.151
   Compiling lock_api v0.4.14
   Compiling precomputed-hash v0.1.1
   Compiling getrandom v0.4.3
   Compiling winnow v1.0.4
   Compiling parking_lot v0.12.5
   Compiling find-msvc-tools v0.1.14
   Compiling shlex v2.0.1
   Compiling log v0.4.34
   Compiling toml_writer v1.1.2+spec-1.1.0
   Compiling dtoa v1.0.11
   Compiling syn v3.0.6
   Compiling syn v2.0.119
   Compiling string_cache_codegen v0.6.1
   Compiling string_cache v0.9.0
   Compiling toml_parser v1.1.3+spec-1.1.0
   Compiling crc32fast v1.5.2
   Compiling percent-encoding v2.3.2
   Compiling dtoa-short v0.3.5
   Compiling cc v1.5.1
   Compiling form_urlencoded v1.2.2
   Compiling tendril v0.5.1
   Compiling selectors v0.38.0
   Compiling indexmap v1.9.3
   Compiling aho-corasick v1.1.5
   Compiling alloc-no-stdlib v3.0.0
   Compiling camino v1.2.6
   Compiling web_atoms v0.2.6
   Compiling bitflags v2.13.2
   Compiling regex-syntax v0.8.11
   Compiling alloc-stdlib v0.3.0
   Compiling servo_arc v0.4.3
   Compiling rustc-hash v2.1.3
   Compiling equivalent v1.0.2
   Compiling powerfmt v0.2.0
   Compiling web-time v1.1.0
   Compiling fnv v1.0.7
   Compiling hashbrown v0.17.1
   Compiling hashbrown v0.12.3
   Compiling schemars v0.8.22
   Compiling deranged v0.5.8
   Compiling bytes v1.12.1
   Compiling bit-vec v0.8.0
   Compiling semver v1.0.28
   Compiling serde_spanned v1.1.1
   Compiling toml_datetime v1.1.1+spec-1.1.0
   Compiling uuid v1.26.1
   Compiling winapi-util v0.1.11
   Compiling indexmap v2.14.2
   Compiling toml v1.1.6+spec-1.1.0
   Compiling same-file v1.0.6
   Compiling cfb v0.14.0
   Compiling bit-set v0.8.0
   Compiling brotli-decompressor v6.0.1
   Compiling quick-xml v0.42.0
   Compiling foldhash v0.2.0
   Compiling time v0.3.55
   Compiling dunce v1.0.5
   Compiling regex-automata v0.4.18
   Compiling windows_x86_64_msvc v0.52.6
   Compiling dyn-clone v1.0.20
   Compiling base64 v0.23.1
   Compiling infer v0.22.0
   Compiling serde-untagged v0.1.9
   Compiling walkdir v2.5.0
   Compiling ctor v1.0.13
   Compiling pin-project-lite v0.2.17
   Compiling brotli v9.0.0
   Compiling glob v0.3.4
   Compiling vswhom-sys v0.1.3
   Compiling http v1.5.0
   Compiling rand_core v0.10.1
   Compiling serde_derive_internals v0.29.1
   Compiling windows-targets v0.52.6
   Compiling synstructure v0.14.0
   Compiling darling_core v0.24.1
   Compiling windows-strings v0.5.1
   Compiling windows-result v0.4.1
   Compiling windows-sys v0.59.0
   Compiling typenum v1.20.1
   Compiling once_cell v1.21.4
   Compiling vswhom v0.1.0
   Compiling rustc_version v0.4.1
   Compiling option-ext v0.2.0
   Compiling simd-adler32 v0.3.10
   Compiling regex v1.13.1
   Compiling dirs-sys v0.5.0
   Compiling windows-threading v0.2.1
   Compiling heck v0.5.0
   Compiling adler2 v2.0.1
   Compiling dirs v7.0.0
   Compiling time-macros v0.2.32
   Compiling raw-window-handle v0.6.2
   Compiling miniz_oxide v0.9.1
   Compiling tracing-core v0.1.36
   Compiling crossbeam-utils v0.8.23
   Compiling phf_macros v0.13.1
   Compiling derive_more-impl v2.1.1
   Compiling schemars_derive v0.8.22
   Compiling zerofrom-derive v0.1.8
   Compiling yoke-derive v0.8.3
   Compiling serde_derive v1.0.229
   Compiling zerovec-derive v0.11.6
   Compiling displaydoc v0.2.7
   Compiling thiserror-impl v2.0.21
   Compiling cssparser-macros v0.7.1
   Compiling windows-interface v0.59.3
   Compiling phf v0.13.1
   Compiling cssparser v0.37.0
   Compiling derive_more v2.1.1
   Compiling windows-implement v0.60.2
   Compiling darling_macro v0.24.1
   Compiling tracing-attributes v0.1.31
   Compiling mio v1.2.3
   Compiling zerofrom v0.1.8
   Compiling markup5ever v0.39.0
   Compiling yoke v0.8.3
   Compiling darling v0.24.1
   Compiling windows-core v0.62.2
   Compiling html5ever v0.39.0
   Compiling winreg v0.55.0
   Compiling socket2 v0.6.5
   Compiling zerovec v0.11.8
   Compiling zerotrie v0.2.5
   Compiling serde_with_macros v3.24.0
   Compiling embed-resource v3.0.11
   Compiling tinystr v0.8.4
   Compiling potential_utf v0.1.6
   Compiling dom_query v0.28.0
   Compiling icu_locale_core v2.3.0
   Compiling icu_collections v2.3.0
   Compiling tauri-winres v0.3.6
   Compiling tokio v1.53.1
   Compiling windows-collections v0.3.2
   Compiling windows-future v0.3.2
   Compiling windows-numerics v0.3.1
   Compiling webview2-com-sys v0.39.1
   Compiling serde_with v3.24.0
   Compiling futures-core v0.3.34
   Compiling windows v0.62.2
   Compiling tracing v0.1.44
   Compiling flate2 v1.1.10
   Compiling icu_provider v2.3.1
   Compiling crypto-common v0.1.7
   Compiling miniz_oxide v0.8.9
   Compiling fdeflate v0.3.7
   Compiling icu_properties v2.3.0
   Compiling icu_normalizer v2.3.0
   Compiling cargo-platform v0.1.9
   Compiling jsonptr v0.7.1
   Compiling plist v1.10.1
   Compiling cargo_metadata v0.19.2
   Compiling cargo_toml v1.0.1
   Compiling dpi v0.1.2
   Compiling json-patch v4.2.0
   Compiling cookie v0.18.2
   Compiling idna_adapter v1.2.2
   Compiling idna v1.1.0
   Compiling url v2.5.8
   Compiling block-buffer v0.10.4
   Compiling webview2-com-macros v0.8.1
   Compiling windows-version v0.1.7
   Compiling urlpattern v0.6.0
   Compiling bitflags v1.3.2
   Compiling futures-sink v0.3.34
   Compiling png v0.17.16
   Compiling digest v0.10.7
   Compiling tauri-utils v2.10.0
   Compiling crossbeam-channel v0.5.17
   Compiling block-padding v0.3.3
   Compiling wry v0.57.0
   Compiling tauri-runtime v2.12.0
   Compiling byteorder v1.5.0
   Compiling cpufeatures v0.2.17
   Compiling rustversion v1.0.23
   Compiling sha2 v0.10.9
   Compiling ico v0.5.0
   Compiling inout v0.1.4
   Compiling png v0.18.1
   Compiling http-body v1.1.0
   Compiling num-traits v0.2.19
   Compiling futures-io v0.3.34
   Compiling muda v0.20.0
   Compiling windows_x86_64_msvc v0.53.1
   Compiling getrandom v0.3.4
   Compiling unicode-segmentation v1.13.3
   Compiling futures-task v0.3.34
   Compiling tauri-runtime-wry v2.12.0
   Compiling base64 v0.22.1
   Compiling slab v0.4.12
   Compiling httparse v1.10.1
   Compiling futures-util v0.3.34
   Compiling cipher v0.4.4
   Compiling keyboard-types v0.8.3
   Compiling softbuffer v0.4.8
   Compiling serialize-to-javascript-impl v0.1.2
   Compiling native-tls v0.2.18
   Compiling tower-service v0.3.3
   Compiling try-lock v0.2.5
   Compiling want v0.3.1
   Compiling serialize-to-javascript v0.1.2
   Compiling encoding_rs v0.8.42
   Compiling futures-channel v0.3.34
   Compiling window-vibrancy v0.8.1
   Compiling schannel v0.1.29
   Compiling serde_repr v0.1.21
   Compiling tinyvec v1.13.3
   Compiling vcpkg v0.2.15
   Compiling pkg-config v0.3.34
   Compiling atomic-waker v1.1.2
   Compiling mime v0.3.17
   Compiling cpufeatures v0.3.1
   Compiling chacha20 v0.10.2
   Compiling unicode-normalization v0.1.25
   Compiling hyper v1.11.1
   Compiling windows-targets v0.53.5
   Compiling sync_wrapper v1.0.2
   Compiling core_detect v1.0.0
   Compiling unicode-properties v0.1.4
   Compiling multiversion_no_op v1.0.0
   Compiling simdutf8 v0.1.5
   Compiling rfd v0.16.0
   Compiling unicode-bidi v0.3.18
   Compiling foldhash v0.1.5
   Compiling tower-layer v0.3.3
   Compiling pom v1.1.0
   Compiling libsqlite3-sys v0.35.0
   Compiling winapi v0.3.9
   Compiling ipnet v2.12.2
   Compiling hashbrown v0.15.5
   Compiling windows-sys v0.60.2
   Compiling tokio-native-tls v0.3.1
   Compiling rand v0.10.3
   Compiling stringprep v0.1.5
   Compiling aes v0.8.4
   Compiling md-5 v0.10.6
   Compiling tower v0.5.3
   Compiling hyper-util v0.1.21
   Compiling ecb v0.1.2
   Compiling cbc v0.1.2
   Compiling http-body-util v0.1.5
   Compiling toml_datetime v0.6.3
   Compiling serde_spanned v0.6.9
   Compiling nom v8.0.0
   Compiling ttf-parser v0.25.1
   Compiling pxfm v0.1.30
   Compiling winnow v0.5.40
   Compiling zip v2.4.2
   Compiling quick-error v2.0.1
   Compiling rangemap v1.8.0
   Compiling bumpalo v3.20.3
   Compiling zeroize v1.9.1
   Compiling byteorder-lite v0.1.0
   Compiling zune-core v0.5.3
   Compiling weezl v0.1.12
   Compiling zopfli v0.8.3
   Compiling rustls-pki-types v1.15.1
   Compiling zune-jpeg v0.5.15
   Compiling image-webp v0.2.4
   Compiling hyper-tls v0.6.0
   Compiling tauri-build v2.7.0
   Compiling tauri-plugin v2.7.0
   Compiling tauri-codegen v2.7.0
   Compiling toml_edit v0.20.2
   Compiling tower-http v0.6.11
   Compiling hashlink v0.10.0
   Compiling moxcms v0.8.1
   Compiling adobe-cmap-parser v0.4.1
   Compiling lopdf v0.42.0
   Compiling type1-encoding-parser v0.1.1
   Compiling euclid v0.20.14
   Compiling postscript v0.14.1
   Compiling cff-parser v0.2.0
   Compiling fallible-streaming-iterator v0.1.9
   Compiling bytemuck v1.25.2
   Compiling fallible-iterator v0.3.0
   Compiling toml v0.8.2
   Compiling tempfile v3.27.0
   Compiling fs2 v0.4.3
   Compiling reqwest v0.13.5
   Compiling unicode-casefold v0.2.0
   Compiling open v5.4.4
   Compiling image v0.25.10
   Compiling tauri v2.12.0
   Compiling tauri-plugin-fs v2.6.0
   Compiling tauri-macros v2.7.0
   Compiling tauri-plugin-dialog v2.8.0
   Compiling shiqian v0.3.0-beta.2 (D:\AI\Shiqian\src-tauri)
   Compiling rusqlite v0.37.0
   Compiling pdf-extract v0.12.1
   Compiling tao v0.37.1
   Compiling webview2-com v0.39.1
   Compiling tauri-plugin-single-instance v2.5.1
    Finished `release` profile [optimized] target(s) in 4m 26s
       Built application at: D:\AI\Shiqian\src-tauri\target\release\shiqian.exe
        Info Patching D:\AI\Shiqian\src-tauri\target\release\shiqian.exe with bundle type information: nsis
        Info Verifying NSIS package
 Downloading https://github.com/tauri-apps/binary-releases/releases/download/nsis-3.11/nsis-3.11.zip
