
> shiqian-desktop@0.3.0-alpha.4 package
> tauri build

        Info Looking up installed tauri packages to check mismatched versions...
     Running beforeBuildCommand `npm run build`

> shiqian-desktop@0.3.0-alpha.4 prebuild
> node scripts/prepare-pdf.mjs


> shiqian-desktop@0.3.0-alpha.4 build
> tsc -b && vite build

vite v8.3.1 building client environment for production...
transforming...
✓ 1757 modules transformed.
rendering chunks...
computing gzip size...
dist/index.html                              0.40 kB │ gzip:   0.28 kB
dist/assets/pdf.worker.min-Dswkl-cV.mjs  1,265.41 kB
dist/assets/index-IoJfvrJd.css              47.73 kB │ gzip:  10.16 kB
dist/assets/index-C92ljyNn.js              356.47 kB │ gzip: 108.71 kB
dist/assets/pdf-prU56uc0.js                430.93 kB │ gzip: 129.03 kB

✓ built in 375ms
   Compiling shiqian v0.3.0-alpha.4 (D:\AI\Shiqian\src-tauri)
    Finished `release` profile [optimized] target(s) in 2m 12s
       Built application at: D:\AI\Shiqian\src-tauri\target\release\shiqian.exe
        Info Patching D:\AI\Shiqian\src-tauri\target\release\shiqian.exe with bundle type information: nsis
        Info Target: x64
     Running makensis to produce D:\AI\Shiqian\src-tauri\target\release\bundle\nsis\拾签_0.3.0-alpha.4_x64-setup.exe
    Finished 1 bundle at:
        D:\AI\Shiqian\src-tauri\target\release\bundle\nsis\拾签_0.3.0-alpha.4_x64-setup.exe (5.61 MiB)
