
> shiqian-desktop@0.3.0-alpha.11 package
> tauri build

        Info Looking up installed tauri packages to check mismatched versions...
     Running beforeBuildCommand `npm run build`

> shiqian-desktop@0.3.0-alpha.11 prebuild
> node scripts/prepare-pdf.mjs


> shiqian-desktop@0.3.0-alpha.11 build
> tsc -b && vite build

vite v8.3.1 building client environment for production...
transforming...
✓ 1764 modules transformed.
rendering chunks...
computing gzip size...
dist/index.html                              0.40 kB │ gzip:   0.29 kB
dist/assets/pdf.worker.min-Dswkl-cV.mjs  1,265.41 kB
dist/assets/index-B17B9_Ci.css              60.10 kB │ gzip:  12.57 kB
dist/assets/index-DYc2IgIp.js              365.27 kB │ gzip: 111.53 kB
dist/assets/pdf-BUJNq4yL.js                430.93 kB │ gzip: 129.03 kB

✓ built in 403ms
   Compiling shiqian v0.3.0-alpha.11 (D:\AI\Shiqian\src-tauri)
    Finished `release` profile [optimized] target(s) in 2m 09s
       Built application at: D:\AI\Shiqian\src-tauri\target\release\shiqian.exe
        Info Patching D:\AI\Shiqian\src-tauri\target\release\shiqian.exe with bundle type information: nsis
        Info Target: x64
     Running makensis to produce D:\AI\Shiqian\src-tauri\target\release\bundle\nsis\拾签_0.3.0-alpha.11_x64-setup.exe
    Finished 1 bundle at:
        D:\AI\Shiqian\src-tauri\target\release\bundle\nsis\拾签_0.3.0-alpha.11_x64-setup.exe (5.63 MiB)
