PASS Initial loaded images (3 columns)
PASS Switch to 2 (2 columns)
PASS Switch to 3 (3 columns)
PASS Switch to 4 (4 columns)
PASS Switch to 3 (3 columns)
PASS Switch to 2 (2 columns)
PASS Switch to 4 (4 columns)
PASS Switch to 6 (6 columns)
PASS Switch to 3 (3 columns)
PASS Switch to 4 (4 columns)
PASS Switch to 2 (2 columns)
PASS Switch to 3 (3 columns)
PASS Switch to 4 (4 columns)
PASS Rapid consecutive column changes (4 columns)
PASS Plus increases columns (5 columns)
PASS Minus decreases columns (4 columns)
PASS Collapse sidebar (4 columns)
PASS Expand sidebar (4 columns)
PASS Resize to 1190px (4 columns)
PASS Resize to 960px (4 columns)
PASS Resize to 1920px (4 columns)
PASS Resize to 1360px (4 columns)
PASS Open details (4 columns)
PASS Close details (4 columns)
PASS Return from list view with cached images (4 columns)
PASS Reload saved four-column layout (4 columns)
PASS Extreme portrait and panorama at 2 columns (2 columns)
PASS Extreme portrait and panorama at 3 columns (3 columns)
PASS Extreme portrait and panorama at 4 columns (4 columns)
PASS Extreme portrait and panorama at 6 columns (6 columns)
PASS Extreme portrait and panorama at 3 columns (3 columns)
PASS Extreme portrait and panorama at 4 columns (4 columns)
PASS Change columns while scrolled down (3 columns)
PASS Change width while scrolled down (3 columns)
PASS Return to top after scrolled geometry changes (4 columns)
