
> shiqian-desktop@0.3.0-alpha.17 test:auto-tags
> cargo test --manifest-path src-tauri/tests/core-harness/Cargo.toml --lib

   Compiling shiqian-core-checks v0.3.0 (D:\AI\Shiqian\src-tauri\tests\core-harness)
    Finished `test` profile [unoptimized + debuginfo] target(s) in 10.73s
     Running unittests lib.rs (src-tauri\tests\core-harness\target\debug\deps\shiqian_core_checks-e656a423529d18f5.exe)

running 32 tests
test auto_tag_tests::config_rejects_secret_urls_and_remote_plaintext ... ok
test auto_tag_tests::compatible_http_transport_and_response_parsing_use_a_real_local_server ... ok
test auto_tag_tests::existing_name_is_resolved_before_creating_and_invalid_output_is_rejected ... ok
test auto_tag_tests::credentials_are_encrypted_and_a_service_switch_does_not_reuse_them ... ok
test auto_tag_tests::folder_defaults_to_direct_parent_and_reuses_existing_pool ... ok
test auto_tag_tests::ai_matching_an_existing_manual_tag_does_not_take_ownership ... ok
test auto_tag_tests::default_floating_shortcuts_skip_folder_name_collisions ... ok
test auto_tag_tests::enabled_imports_queue_once_and_disabled_imports_do_not_queue ... ok
test auto_tag_tests::folder_can_be_disabled_and_backfilled_without_replacing_manual_tags ... ok
test auto_tag_tests::folder_tags_remain_searchable_but_cannot_be_pinned_even_from_legacy_settings ... ok
test auto_tag_tests::invalid_ai_batch_is_atomic_and_retains_old_unconfirmed_results ... ok
test auto_tag_tests::confirming_ai_association_with_folder_label_does_not_pin_it ... ok
test auto_tag_tests::interrupted_jobs_resume_after_reopening_the_library ... ok
test auto_tag_tests::ai_refresh_preserves_folder_manual_and_confirmed_associations ... ok
test auto_tag_tests::long_folder_names_are_deterministic_and_distinct ... ok
test auto_tag_tests::real_text_and_office_contents_are_extracted_and_limited ... ok
test auto_tag_tests::pdf_extracts_real_text_and_rejects_pages_without_text ... ok
test auto_tag_tests::manual_add_confirms_ai_and_undo_restores_provenance ... ok
test auto_tag_tests::manual_tag_import_does_not_queue_ai_but_regular_import_still_does ... ok
test auto_tag_tests::scoped_ai_cancel_validates_whole_batch_before_changing_jobs ... ok
test auto_tag_tests::reanalysis_cleans_orphan_suggestions_and_manual_creation_explicitly_adopts_a_suggestion ... ok
test auto_tag_tests::removing_and_deleting_tags_can_undo_full_ai_metadata ... ok
test auto_tag_tests::accepting_ai_removes_pool_marker_and_pins_without_duplicates_or_capacity_loss ... ok
test auto_tag_tests::spreadsheets_and_slides_extract_content_and_legacy_office_is_unsupported ... ok
test auto_tag_tests::scoped_ai_cancel_preserves_other_work_and_rejects_late_results ... ok
test auto_tag_tests::externally_written_backup_cannot_enable_ai_or_resume_uploads ... ok
test auto_tag_tests::stale_file_or_job_result_never_overwrites_newer_annotations ... ok
test auto_tag_tests::backup_preserves_sources_but_never_enables_remote_analysis ... ok
test auto_tag_tests::schema_one_migrates_with_recovery_copy_and_manual_origins ... ok
test auto_tag_tests::legacy_backup_restores_and_migrates_all_manual_annotations ... ok
test auto_tag_tests::suggestions_enter_pool_after_acceptance_and_orphans_are_removed_without_losing_shared_tags ... ok
test auto_tag_tests::image_payload_contains_pixels_and_requests_do_not_include_local_paths ... ok

test result: ok. 32 passed; 0 failed; 0 ignored; 0 measured; 0 filtered out; finished in 1.80s
