
> shiqian-desktop@0.3.0-alpha.17 package
> tauri build

        Info Looking up installed tauri packages to check mismatched versions...
     Running beforeBuildCommand `npm run build`

> shiqian-desktop@0.3.0-alpha.17 prebuild
> node scripts/prepare-pdf.mjs


> shiqian-desktop@0.3.0-alpha.17 build
> tsc -b && vite build

vite v8.3.1 building client environment for production...
transforming...
✓ 1768 modules transformed.
rendering chunks...
computing gzip size...
dist/index.html                              0.40 kB │ gzip:   0.29 kB
dist/assets/pdf.worker.min-Dswkl-cV.mjs  1,265.41 kB
dist/assets/index-BGHMgOMe.css              69.27 kB │ gzip:  14.20 kB
dist/assets/index-28_wKgBC.js              374.07 kB │ gzip: 114.54 kB
dist/assets/pdf-jORFIlxo.js                430.93 kB │ gzip: 129.03 kB

✓ built in 501ms
   Compiling shiqian v0.3.0-alpha.17 (D:\AI\Shiqian\src-tauri)
    Finished `release` profile [optimized] target(s) in 2m 31s
       Built application at: D:\AI\Shiqian\src-tauri\target\release\shiqian.exe
        Info Patching D:\AI\Shiqian\src-tauri\target\release\shiqian.exe with bundle type information: nsis
        Info Target: x64
     Running makensis to produce D:\AI\Shiqian\src-tauri\target\release\bundle\nsis\拾签_0.3.0-alpha.17_x64-setup.exe
    Finished 1 bundle at:
        D:\AI\Shiqian\src-tauri\target\release\bundle\nsis\拾签_0.3.0-alpha.17_x64-setup.exe (5.63 MiB)
