    Finished `test` profile [unoptimized + debuginfo] target(s) in 0.64s
     Running unittests src\lib.rs (src-tauri\target\debug\deps\shiqian_lib-c04761bcb8341752.exe)

running 1 test
Hit HWND(0x10cf8) class DirectUIHWND
Shell views: 4
View HWND(0x808b2), visible true, contains false
roots HWND(0xf083e) / HWND(0x40c66), rect RECT { left: 299, top: 308, right: 571, bottom: 894 }, same false
View HWND(0x1099c), visible true, contains false
roots HWND(0x507a8) / HWND(0x40c66), rect RECT { left: 539, top: 331, right: 811, bottom: 917 }, same false
View HWND(0x165a0d7a), visible true, contains false
roots HWND(0x40c66) / HWND(0x40c66), rect RECT { left: 325, top: 334, right: 597, bottom: 920 }, same true
View HWND(0x40118), visible true, contains false
roots HWND(0x10134) / HWND(0x40c66), rect RECT { left: 0, top: 0, right: 1920, bottom: 1080 }, same false
Shell target (700,700): No visible Shell view under pointer (0x80004005)
Rejected non-file Shell target
test tests::native_shell_target_probe ... ok

test result: ok. 1 passed; 0 failed; 0 ignored; 0 measured; 34 filtered out; finished in 0.03s

     Running unittests src\main.rs (src-tauri\target\debug\deps\shiqian-9a317de2294e3e95.exe)

running 0 tests

test result: ok. 0 passed; 0 failed; 0 ignored; 0 measured; 0 filtered out; finished in 0.00s

