
> shiqian-desktop@0.3.0-alpha.5 test:core
> cargo test --manifest-path src-tauri/Cargo.toml --lib

   Compiling shiqian v0.3.0-alpha.5 (D:\AI\Shiqian\src-tauri)
    Finished `test` profile [unoptimized + debuginfo] target(s) in 22.03s
     Running unittests src\lib.rs (src-tauri\target\debug\deps\shiqian_lib-1655e271712e2f02.exe)

running 64 tests
test auto_tag_tests::config_rejects_secret_urls_and_remote_plaintext ... ok
test auto_tag_tests::compatible_http_transport_and_response_parsing_use_a_real_local_server ... ok
test auto_tag_tests::existing_name_is_resolved_before_creating_and_invalid_output_is_rejected ... ok
test auto_tag_tests::long_folder_names_are_deterministic_and_distinct ... ok
test auto_tag_tests::credentials_are_encrypted_and_a_service_switch_does_not_reuse_them ... ok
test auto_tag_tests::ai_matching_an_existing_manual_tag_does_not_take_ownership ... ok
test auto_tag_tests::manual_add_confirms_ai_and_undo_restores_provenance ... ok
test auto_tag_tests::folder_can_be_disabled_and_backfilled_without_replacing_manual_tags ... ok
test auto_tag_tests::invalid_ai_batch_is_atomic_and_retains_old_unconfirmed_results ... ok
test auto_tag_tests::folder_defaults_to_direct_parent_and_reuses_existing_pool ... ok
test auto_tag_tests::interrupted_jobs_resume_after_reopening_the_library ... ok
test auto_tag_tests::enabled_imports_queue_once_and_disabled_imports_do_not_queue ... ok
test auto_tag_tests::ai_refresh_preserves_folder_manual_and_confirmed_associations ... ok
test auto_tag_tests::pdf_extracts_real_text_and_rejects_pages_without_text ... ok
test auto_tag_tests::real_text_and_office_contents_are_extracted_and_limited ... ok
test tests::app_data_is_excluded ... ok
test auto_tag_tests::spreadsheets_and_slides_extract_content_and_legacy_office_is_unsupported ... ok
test auto_tag_tests::removing_and_deleting_tags_can_undo_full_ai_metadata ... ok
test auto_tag_tests::stale_file_or_job_result_never_overwrites_newer_annotations ... ok
test tests::all_any_exclude_and_inbox_filters ... ok
test auto_tag_tests::accepting_ai_removes_pool_marker_and_pins_without_duplicates_or_capacity_loss ... ok
test tests::batch_tag_undo_only_reverts_actual_changes ... ok
test tests::cache_identity_changes_even_with_same_size_and_time ... ok
test tests::backup_checksum_rejects_tampering ... ok
test auto_tag_tests::externally_written_backup_cannot_enable_ai_or_resume_uploads ... ok
test auto_tag_tests::legacy_backup_restores_and_migrates_all_manual_annotations ... ok
test auto_tag_tests::schema_one_migrates_with_recovery_copy_and_manual_origins ... ok
test auto_tag_tests::backup_preserves_sources_but_never_enables_remote_analysis ... ok
test tests::corrupt_backup_does_not_change_library ... ok
test tests::copies_at_different_paths_are_separate ... ok
test tests::native_shell_target_probe ... ignored, Requires an observed visible Windows Shell fixture at SHIQIAN_PROBE_X/Y
test tests::duplicate_import_is_idempotent ... ok
test tests::floating_annotation_failure_rolls_back_imports_and_rejects_bad_targets ... ok
test tests::directory_filter_respects_boundaries ... ok
test tests::future_schema_is_rejected ... ok
test tests::floating_presets_initialize_once_and_preserve_empty_choice ... ok
test tests::floating_annotation_imports_and_is_idempotent_undo_preserves_other_tags ... ok
test tests::interrupted_restore_marker_is_validated_on_startup ... ok
test tests::long_utf8_preview_does_not_split_a_character ... ok
test tests::missing_and_relink_preserve_record_id ... ok
test tests::note_versions_are_independent_and_conflicts_preserve_saved_text ... ok
test tests::backup_roundtrip_captures_wal_and_keeps_protective_backup ... ok
test tests::note_limit_uses_visible_characters ... ok
test tests::relink_cannot_overwrite_another_record ... ok
test tests::remove_readd_preserves_identity_and_annotation ... ok
test tests::replacement_at_same_path_requires_confirmation ... ok
test tests::floating_presets_follow_rename_delete_and_backup_restore ... ok
test tests::restart_persists_settings_and_annotations ... ok
test tests::rename_delete_and_chained_undo_restore_tag_links ... ok
test tests::stale_batch_rolls_back_all_files ... ok
test tests::gallery_preferences_reject_invalid_values_without_overwriting_saved_choice ... ok
test tests::pagination_has_no_duplicates_and_stable_ties ... ok
test tests::image_preview_resizes_caches_and_tracks_revision ... ok
test tests::tag_export_rejects_empty_and_app_data_and_sanitizes_folder_names ... ok
test tests::unicode_tag_identity_and_validation ... ok
test tests::text_search_is_literal_and_terms_match_across_fields ... ok
test tests::tag_export_reports_missing_files_and_excludes_removed_records ... ok
test tests::undo_does_not_hide_unrelated_version_conflicts ... ok
test tests::utf_text_preview_and_corrupt_image_degrade ... ok
test tests::sidebar_width_is_validated_persisted_and_restored_from_backup ... ok
test tests::undo_depth_is_bounded ... ok
test auto_tag_tests::image_payload_contains_pixels_and_requests_do_not_include_local_paths ... ok
test tests::tag_export_copies_all_matches_without_overwriting_originals_or_names ... ok
test tests::representative_ten_thousand_file_search_benchmark ... ok

test result: ok. 63 passed; 0 failed; 1 ignored; 0 measured; 0 filtered out; finished in 12.21s
