
> shiqian-desktop@0.3.0-alpha.16 package
> tauri build

        Info Looking up installed tauri packages to check mismatched versions...
     Running beforeBuildCommand `npm run build`

> shiqian-desktop@0.3.0-alpha.16 prebuild
> node scripts/prepare-pdf.mjs


> shiqian-desktop@0.3.0-alpha.16 build
> tsc -b && vite build

vite v8.3.1 building client environment for production...
transforming...
✓ 1764 modules transformed.
rendering chunks...
computing gzip size...
dist/index.html                              0.40 kB │ gzip:   0.29 kB
dist/assets/pdf.worker.min-Dswkl-cV.mjs  1,265.41 kB
dist/assets/index-B8bNKXu4.css              66.45 kB │ gzip:  13.66 kB
dist/assets/index-DikzpN_r.js              367.94 kB │ gzip: 112.41 kB
dist/assets/pdf-DFgejSvf.js                430.93 kB │ gzip: 129.03 kB

✓ built in 367ms
   Compiling shiqian v0.3.0-alpha.16 (D:\AI\Shiqian\src-tauri)
    Finished `release` profile [optimized] target(s) in 1m 59s
       Built application at: D:\AI\Shiqian\src-tauri\target\release\shiqian.exe
        Info Patching D:\AI\Shiqian\src-tauri\target\release\shiqian.exe with bundle type information: nsis
        Info Target: x64
     Running makensis to produce D:\AI\Shiqian\src-tauri\target\release\bundle\nsis\拾签_0.3.0-alpha.16_x64-setup.exe
    Finished 1 bundle at:
        D:\AI\Shiqian\src-tauri\target\release\bundle\nsis\拾签_0.3.0-alpha.16_x64-setup.exe (5.63 MiB)
