
> shiqian-desktop@0.3.0-alpha.15 package
> tauri build

        Info Looking up installed tauri packages to check mismatched versions...
     Running beforeBuildCommand `npm run build`

> shiqian-desktop@0.3.0-alpha.15 prebuild
> node scripts/prepare-pdf.mjs


> shiqian-desktop@0.3.0-alpha.15 build
> tsc -b && vite build

vite v8.3.1 building client environment for production...
transforming...
✓ 1764 modules transformed.
rendering chunks...
computing gzip size...
dist/index.html                              0.40 kB │ gzip:   0.29 kB
dist/assets/pdf.worker.min-Dswkl-cV.mjs  1,265.41 kB
dist/assets/index-BbvgOlSb.css              63.90 kB │ gzip:  13.28 kB
dist/assets/index-C1fXJRtg.js              367.81 kB │ gzip: 112.37 kB
dist/assets/pdf-cx36BRQw.js                430.93 kB │ gzip: 129.03 kB

✓ built in 376ms
   Compiling shiqian v0.3.0-alpha.15 (D:\AI\Shiqian\src-tauri)
    Finished `release` profile [optimized] target(s) in 1m 58s
       Built application at: D:\AI\Shiqian\src-tauri\target\release\shiqian.exe
        Info Patching D:\AI\Shiqian\src-tauri\target\release\shiqian.exe with bundle type information: nsis
        Info Target: x64
     Running makensis to produce D:\AI\Shiqian\src-tauri\target\release\bundle\nsis\拾签_0.3.0-alpha.15_x64-setup.exe
    Finished 1 bundle at:
        D:\AI\Shiqian\src-tauri\target\release\bundle\nsis\拾签_0.3.0-alpha.15_x64-setup.exe (5.62 MiB)
